pdfOutput=/Home/Kun/PdfOutput/

kartuPasien=C:/tomcat7/webapps/medisafe/jasper/patientCard.jrxml
hasilLab=C:/tomcat7/webapps/medisafe/jasper/labResult.jrxml
generalLedger=C:/tomcat7/webapps/medisafe/jasper/general_ledger.jrxml
balanceSheet=C:/tomcat7/webapps/medisafe/jasper/balance_sheet.jrxml
profitLoss=C:/tomcat7/webapps/medisafe/jasper/laba_rugi.jrxml
kasir.tagihan_pasien=C:/tomcat7/webapps/medisafe/jasper/kasir/tagihan_pasien.jrxml
apotik.penjualan.rajal=C:/tomcat7/webapps/medisafe/jasper/apotik_rajal.jrxml
apotik.penjualan.ranap=C:/tomcat7/webapps/medisafe/jasper/apotik_ranap.jrxml
apotik.retur.obat=C:/tomcat7/webapps/medisafe/jasper/laporan_retur_obat.jrxml
kartu.pasien=C:/tomcat7/webapps/medisafe/jasper/kartuPasien.jrxml
history.mutasi=C:/tomcat7/webapps/medisafe/jasper/historyMutasi.jrxml
history.request=C:/tomcat7/webapps/medisafe/jasper/historyRequest.jrxml
laporan.poli.ugd=C:/tomcat7/webapps/medisafe/jasper/poli_ugd.jrxml
laporan.pasien.bangsal=C:/tomcat7/webapps/medisafe/jasper/laporanPasienBangsal.jrxml
rekap.transaksi.bulanan=C:/tomcat7/webapps/medisafe/jasper/rekap_bulanan.jrxml
laporan.harian.pasien.bangsal=C:/tomcat7/webapps/medisafe/jasper/laporanHarianBangsal.jrxml
laporan.persediaan.obat=C:/tomcat7/webapps/medisafe/jasper/persediaan_obat.jrxml
laporan.penerimaan.rajal=C:/tomcat7/webapps/medisafe/jasper/penerimaan_rajal.jrxml
cetak.po=C:/tomcat7/webapps/medisafe/jasper/orderPembelian.jrxml
manual.jurnal=C:/tomcat7/webapps/medisafe/jasper/manual_jurnal.jrxml
cetak.opp=C:/tomcat7/webapps/medisafe/jasper/opp.jasper